 Rank  Name        Time        Score       Lines  Level 
────────────────────────────────────────────────────────
 1     user-new    1m0s        1000        2      3     
                                                        
                                                        
                                                        
                                                        
                                                        
                                                        
                                                        
                                                        
                                                        
                                                        
                                                        
                                                        
                                                        
                                                        
                                                        
                                                        
                                                        
                                                        
                                                        
escape exit • ? help