 Rank  Name        Time        Score       Lines  Level 
────────────────────────────────────────────────────────
 14    user-36     1m12s       3600        36     38    
 15    user-35     1m10s       3500        35     37    
 16    user-34     1m8s        3400        34     36    
 17    user-33     1m6s        3300        33     35    
 18    user-32     1m4s        3200        32     34    
 19    user-31     1m2s        3100        31     33    
 20    user-30     1m0s        3000        30     32    
 21    user-29     58s         2900        29     31    
 22    user-28     56s         2800        28     30    
 23    user-27     54s         2700        27     29    
 24    user-26     52s         2600        26     28    
 25    user-25     50s         2500        25     27    
 26    user-24     48s         2400        24     26    
 27    user-23     46s         2300        23     25    
 28    user-22     44s         2200        22     24    
 29    user-21     42s         2100        21     23    
 30    user-new    1m0s        2001        2      3     
 31    user-20     40s         2000        20     22    
 32    user-19     38s         1900        19     21    
 33    user-18     36s         1800        18     20    
escape exit • ? help