[?25l[?2004h Rank  Name        Time        Score       Lines  Level 
────────────────────────────────────────────────────────
 12    testuser-…  1m16s       3800        38     40    
 13    testuser-…  1m14s       3700        37     39    
 14    testuser-…  1m12s       3600        36     38    
 15    testuser-…  1m10s       3500        35     37    
 16    testuser-…  1m8s        3400        34     36    
 17    testuser-…  1m6s        3300        33     35    
 18    testuser-…  1m4s        3200        32     34    
 19    testuser-…  1m2s        3100        31     33    
 20    testuser-…  1m0s        3000        30     32    
 21    testuser-…  58s         2900        29     31    
 22    testuser-…  56s         2800        28     30    
 23    testuser-…  54s         2700        27     29    
 24    testuser-…  52s         2600        26     28    
 25    testuser-…  50s         2500        25     27    
 26    testuser-…  48s         2400        24     26    
 27    testuser-…  46s         2300        23     25    
 28    testuser-…  44s         2200        22     24    
 29    testuser-…  42s         2100        21     23    
 30    testuser-…  1m0s        2001        2      3     
 31    testuser-…  40s         2000        20     22    
escape exit • ? help[D[2K[?2004l[?25h[?1002l[?1003l[?1006l