  ╭──────────╭────────────────────╮         
  │ Hold:    │▕ ▕ ▕ ▕ ████▕ ▕ ▕ ▕ │ 1  Next:
  │          │▕ ▕ ▕ ▕ ▕ ▕ ▕ ▕ ▕ ▕ │ 2       
  │   ████   │▕ ▕ ▕ ▕ ▕ ▕ ▕ ▕ ▕ ▕ │ 3       
  │   ████   │▕ ▕ ▕ ▕ ▕ ▕ ▕ ▕ ▕ ▕ │ 4       
  │          │▕ ▕ ▕ ▕ ▕ ▕ ▕ ▕ ▕ ▕ │ 5       
  ╰──────────│▕ ▕ ▕ ▕ ▕ ▕ ▕ ▕ ▕ ▕ │ 6       
  MARATHON   │▕ ▕ ▕ ▕ ▕ ▕ ▕ ▕ ▕ ▕ │ 7       
Score:       │▕ ▕ ▕ ▕ ▕ ▕ ▕ ▕ ▕ ▕ │ 8       
         214 │▕ ▕ ▕ ▕ ▕ ▕ ▕ ▕ ▕ ▕ │ 9       
Time:        │▕ ▕ ▕ ▕ ▕ ▕ ▕ ▕ ▕ ▕ │ 10      
      00.143 │▕ ▕ ▕ ▕ ▕ ▕ ▕ ▕ ▕ ▕ │ 11      
Lines:     1 │▕ ▕ ▕ ▕ ▕ ▕ ▕ ▕ ▕ ▕ │ 12      
Level:     1 │▕ ▕ ▕ ▕ ▕ ▕ ▕ ▕ ▕ ▕ │ 13      
             │▕ ▕ ▕ ▕ ▕ ▕ ▕ ▕ ▕ ▕ │ 14      
             │▕ ▕ ▕ ▕ ▕ ▕ ▕ ▕ ▕ ▕ │ 15      
             │▕ ▕ ▕ ▕ ▕ ▕ ▕ ▕ ▕ ▕ │ 16      
             │▕ ▕ ▕ ▕ ▕ ▕ ▕ ▕ ▕ ▕ │ 17      
             │▕ ▕ ▕ ░░░░▕ ▕ ▕ ▕ ▕ │ 18      
             │▕ ▕ ▕ ▕ ░░░░▕ ▕ ▕ ▕ │ 19      
             │▕ ▕ ▕ ▕ ▕ ██▕ ▕ ▕ ██│ 20      
             ╰────────────────────╯         
esc exit • ? help                           