  ╭──────────╭────────────────────╮         
  │ Hold:    │▕ ▕ ▕ ██████▕ ▕ ▕ ▕ │ 1  Next:
  │          │▕ ▕ ▕ ▕ ▕ ▕ ▕ ▕ ▕ ▕ │ 2       
  │          │▕ ▕ ▕ ▕ ▕ ▕ ▕ ▕ ▕ ▕ │ 3       
  │          │▕ ▕ ▕ ▕ ▕ ▕ ▕ ▕ ▕ ▕ │ 4       
  │          │▕ ▕ ▕ ▕ ▕ ▕ ▕ ▕ ▕ ▕ │ 5       
  ╰──────────│▕ ▕ ▕ ▕ ▕ ▕ ▕ ▕ ▕ ▕ │ 6       
                                            
S     ____                            __    
     / __ \____ ___  __________  ____/ /    
T   / /_/ / __ ^/ / / / ___/ _ \/ __  /     
   / ____/ /_/ / /_/ (__  )  __/ /_/ /      
L /_/    \__,_/\__,_/____/\___/\__,_/       
L Press PAUSE to continue or HOLD to exit.  
                                            
             │▕ ▕ ▕ ▕ ▕ ▕ ▕ ▕ ▕ ▕ │ 15      
             │▕ ▕ ▕ ▕ ▕ ▕ ▕ ▕ ▕ ▕ │ 16      
             │▕ ▕ ▕ ▕ ▕ ▕ ▕ ▕ ▕ ▕ │ 17      
             │▕ ▕ ▕ ▕ ▕ ▕ ▕ ▕ ▕ ▕ │ 18      
             │▕ ▕ ▕ ▕ ▕ ░░▕ ▕ ▕ ▕ │ 19      
             │▕ ▕ ▕ ░░░░░░▕ ▕ ▕ ▕ │ 20      
             ╰────────────────────╯         
esc exit • ? help                           