[?25l[?2004h Rank  Name        Time        Score       Lines  Level 
────────────────────────────────────────────────────────
 1     testuser-…  1m38s       4900        49     51    
 2     testuser-…  1m36s       4800        48     50    
 3     testuser-…  1m34s       4700        47     49    
 4     testuser-…  1m32s       4600        46     48    
 5     testuser-…  1m30s       4500        45     47    
 6     testuser-…  1m28s       4400        44     46    
 7     testuser-…  1m26s       4300        43     45    
 8     testuser-…  1m24s       4200        42     44    
 9     testuser-…  1m22s       4100        41     43    
 10    testuser-…  1m20s       4000        40     42    
 11    testuser-…  1m18s       3900        39     41    
 12    testuser-…  1m16s       3800        38     40    
 13    testuser-…  1m14s       3700        37     39    
 14    testuser-…  1m12s       3600        36     38    
 15    testuser-…  1m10s       3500        35     37    
 16    testuser-…  1m8s        3400        34     36    
 17    testuser-…  1m6s        3300        33     35    
 18    testuser-…  1m4s        3200        32     34    
 19    testuser-…  1m2s        3100        31     33    
 20    testuser-…  1m0s        3000        30     32    
escape exit • ? help[D[2K[?2004l[?25h[?1002l[?1003l[?1006l